CCS PCM C Compiler, Version 5.007, 61971               11-Nis-24 18:07

               Filename:   C:\Users\Onur\Documents\GitHub\embedded-system_PIC\week-6\w6_2-1_lcd-kaydirma\main.lst

               ROM used:   423 words (5%)
                           Largest free fragment is 2048
               RAM used:   7 (2%) at main() level
                           20 (5%) worst case
               Stack used: 0 locations
               Stack size: 8

*
0000:  MOVLW  01
0001:  MOVWF  0A
0002:  GOTO   142
0003:  NOP
.................... #include <main.h> 
.................... #include <16F877A.h> 
.................... //////// Standard Header file for the PIC16F877A device //////////////// 
.................... #device PIC16F877A 
0004:  BCF    0A.0
0005:  BCF    0A.1
0006:  BCF    0A.2
0007:  ADDWF  02,F
0008:  RETLW  28
0009:  RETLW  0C
000A:  RETLW  01
000B:  RETLW  06
000C:  DATA C4,22
000D:  DATA CE,22
000E:  DATA CD,22
000F:  DATA 00,00
0010:  DATA 0A,2A
0011:  DATA C5,29
0012:  DATA 54,00
0013:  DATA C8,37
0014:  DATA F3,33
0015:  DATA 65,36
0016:  DATA E4,34
0017:  DATA EE,34
0018:  DATA 7A,00
0019:  DATA C8,37
001A:  DATA F3,33
001B:  DATA 65,36
001C:  DATA E4,34
001D:  DATA EE,34
001E:  DATA 7A,00
*
00F7:  MOVF   0B,W
00F8:  MOVWF  21
00F9:  BCF    0B.7
00FA:  BSF    03.5
00FB:  BSF    03.6
00FC:  BSF    0C.7
00FD:  BSF    0C.0
00FE:  NOP
00FF:  NOP
0100:  BCF    03.5
0101:  MOVF   0C,W
0102:  ANDLW  7F
0103:  BTFSC  03.2
0104:  GOTO   13E
0105:  BCF    03.6
0106:  MOVWF  22
0107:  BSF    03.6
0108:  MOVF   0D,W
0109:  BCF    03.6
010A:  MOVWF  23
010B:  BSF    03.6
010C:  MOVF   0F,W
010D:  BCF    03.6
010E:  MOVWF  24
010F:  MOVF   22,W
0110:  MOVWF  25
0111:  CALL   0CB
0112:  MOVF   23,W
0113:  BSF    03.6
0114:  MOVWF  0D
0115:  BCF    03.6
0116:  MOVF   24,W
0117:  BSF    03.6
0118:  MOVWF  0F
0119:  BSF    03.5
011A:  BSF    0C.7
011B:  BSF    0C.0
011C:  NOP
011D:  NOP
011E:  BCF    03.5
011F:  RLF    0C,W
0120:  RLF    0E,W
0121:  ANDLW  7F
0122:  BTFSC  03.2
0123:  GOTO   13E
0124:  BCF    03.6
0125:  MOVWF  22
0126:  BSF    03.6
0127:  MOVF   0D,W
0128:  BCF    03.6
0129:  MOVWF  23
012A:  BSF    03.6
012B:  MOVF   0F,W
012C:  BCF    03.6
012D:  MOVWF  24
012E:  MOVF   22,W
012F:  MOVWF  25
0130:  CALL   0CB
0131:  MOVF   23,W
0132:  BSF    03.6
0133:  MOVWF  0D
0134:  BCF    03.6
0135:  MOVF   24,W
0136:  BSF    03.6
0137:  MOVWF  0F
0138:  INCF   0D,F
0139:  BTFSC  03.2
013A:  INCF   0F,F
013B:  BCF    03.6
013C:  GOTO   0FA
013D:  BSF    03.6
013E:  BCF    03.6
013F:  BTFSC  21.7
0140:  BSF    0B.7
0141:  RETURN
....................  
.................... #list 
....................  
.................... #device ADC=16 
....................  
.................... #FUSES NOWDT                 	//No Watch Dog Timer 
.................... #FUSES NOBROWNOUT            	//No brownout reset 
.................... #FUSES NOLVP                 	//No low voltage prgming, B3(PIC16) or B5(PIC18) used for I/O 
....................  
.................... #use delay(crystal=4000000) 
....................  
....................  
.................... #fuses XT,NOWDT,NOPROTECT,NOBROWNOUT,NOLVP,NOPUT,NOWRT,NODEBUG 
....................  
.................... #use delay(clock=4M) 
*
001F:  MOVLW  26
0020:  MOVWF  04
0021:  BCF    03.7
0022:  MOVF   00,W
0023:  BTFSC  03.2
0024:  GOTO   033
0025:  MOVLW  01
0026:  MOVWF  78
0027:  CLRF   77
0028:  DECFSZ 77,F
0029:  GOTO   028
002A:  DECFSZ 78,F
002B:  GOTO   027
002C:  MOVLW  4A
002D:  MOVWF  77
002E:  DECFSZ 77,F
002F:  GOTO   02E
0030:  GOTO   031
0031:  DECFSZ 00,F
0032:  GOTO   025
0033:  RETURN
....................  
.................... //#define use_portb_lcd TRUE 
.................... //port d kullandigimiz icin bu ifadeye gerek yok , DEFAUL deger PORT D 
....................  
.................... #include <lcd.c> 
.................... /////////////////////////////////////////////////////////////////////////////// 
.................... ////                             LCD.C                                     //// 
.................... ////                 Driver for common LCD modules                         //// 
.................... ////                                                                       //// 
.................... ////  lcd_init()   Must be called before any other function.               //// 
.................... ////                                                                       //// 
.................... ////  lcd_putc(c)  Will display c on the next position of the LCD.         //// 
.................... ////                 \a  Set cursor position to upper left                 //// 
.................... ////                 \f  Clear display, set cursor to upper left           //// 
.................... ////                 \n  Go to start of second line                        //// 
.................... ////                 \b  Move back one position                            //// 
.................... ////              If LCD_EXTENDED_NEWLINE is defined, the \n character     //// 
.................... ////              will erase all remanining characters on the current      //// 
.................... ////              line, and move the cursor to the beginning of the next   //// 
.................... ////              line.                                                    //// 
.................... ////              If LCD_EXTENDED_NEWLINE is defined, the \r character     //// 
.................... ////              will move the cursor to the start of the current         //// 
.................... ////              line.                                                    //// 
.................... ////                                                                       //// 
.................... ////  lcd_gotoxy(x,y) Set write position on LCD (upper left is 1,1)        //// 
.................... ////                                                                       //// 
.................... ////  lcd_getc(x,y)   Returns character at position x,y on LCD             //// 
.................... ////                                                                       //// 
.................... ////  lcd_cursor_on(int1 on)   Turn the cursor on (on=TRUE) or off         //// 
.................... ////              (on=FALSE).                                              //// 
.................... ////                                                                       //// 
.................... ////  lcd_set_cgram_char(w, *p)   Write a custom character to the CGRAM.   //// 
.................... ////                                                                       //// 
.................... ////                                                                       //// 
.................... ////  CONFIGURATION                                                        //// 
.................... ////  The LCD can be configured in one of two ways: a.) port access or     //// 
.................... ////  b.) pin access.  Port access requires the entire 7 bit interface     //// 
.................... ////  connected to one GPIO port, and the data bits (D4:D7 of the LCD)     //// 
.................... ////  connected to sequential pins on the GPIO.  Pin access                //// 
.................... ////  has no requirements, all 7 bits of the control interface can         //// 
.................... ////  can be connected to any GPIO using several ports.                    //// 
.................... ////                                                                       //// 
.................... ////  To use port access, #define LCD_DATA_PORT to the SFR location of     //// 
.................... ////  of the GPIO port that holds the interface, -AND- edit LCD_PIN_MAP    //// 
.................... ////  of this file to configure the pin order.  If you are using a         //// 
.................... ////  baseline PIC (PCB), then LCD_OUTPUT_MAP and LCD_INPUT_MAP also must  //// 
.................... ////  be defined.                                                          //// 
.................... ////                                                                       //// 
.................... ////  Example of port access:                                              //// 
.................... ////     #define LCD_DATA_PORT getenv("SFR:PORTD")                         //// 
.................... ////                                                                       //// 
.................... ////  To use pin access, the following pins must be defined:               //// 
.................... ////     LCD_ENABLE_PIN                                                    //// 
.................... ////     LCD_RS_PIN                                                        //// 
.................... ////     LCD_RW_PIN                                                        //// 
.................... ////     LCD_DATA4                                                         //// 
.................... ////     LCD_DATA5                                                         //// 
.................... ////     LCD_DATA6                                                         //// 
.................... ////     LCD_DATA7                                                         //// 
.................... ////                                                                       //// 
.................... ////  Example of pin access:                                               //// 
.................... ////     #define LCD_ENABLE_PIN  PIN_E0                                    //// 
.................... ////     #define LCD_RS_PIN      PIN_E1                                    //// 
.................... ////     #define LCD_RW_PIN      PIN_E2                                    //// 
.................... ////     #define LCD_DATA4       PIN_D4                                    //// 
.................... ////     #define LCD_DATA5       PIN_D5                                    //// 
.................... ////     #define LCD_DATA6       PIN_D6                                    //// 
.................... ////     #define LCD_DATA7       PIN_D7                                    //// 
.................... ////                                                                       //// 
.................... /////////////////////////////////////////////////////////////////////////////// 
.................... ////        (C) Copyright 1996,2010 Custom Computer Services           //// 
.................... //// This source code may only be used by licensed users of the CCS C  //// 
.................... //// compiler.  This source code may only be distributed to other      //// 
.................... //// licensed users of the CCS C compiler.  No other use, reproduction //// 
.................... //// or distribution is permitted without written permission.          //// 
.................... //// Derivative programs created using this software in object code    //// 
.................... //// form are not restricted in any way.                               //// 
.................... /////////////////////////////////////////////////////////////////////////// 
....................  
.................... #ifndef __LCD_C__ 
.................... #define __LCD_C__ 
....................  
.................... // define the pinout. 
.................... // only required if port access is being used. 
.................... typedef struct   
.................... {                            // This structure is overlayed 
....................    int1 enable;           // on to an I/O port to gain 
....................    int1 rs;               // access to the LCD pins. 
....................    int1 rw;               // The bits are allocated from 
....................    int1 unused;           // low order up.  ENABLE will 
....................    unsigned int     data : 4;         // be LSB pin of that port. 
....................   #if defined(__PCD__)       // The port used will be LCD_DATA_PORT. 
....................    unsigned int    reserved: 8; 
....................   #endif 
.................... } LCD_PIN_MAP; 
....................  
.................... // this is to improve compatability with previous LCD drivers that accepted 
.................... // a define labeled 'use_portb_lcd' that configured the LCD onto port B. 
.................... #if ((defined(use_portb_lcd)) && (use_portb_lcd==TRUE)) 
....................  #define LCD_DATA_PORT getenv("SFR:PORTB") 
.................... #endif 
....................  
.................... #if defined(__PCB__) 
....................    // these definitions only need to be modified for baseline PICs. 
....................    // all other PICs use LCD_PIN_MAP or individual LCD_xxx pin definitions. 
.................... /*                                    EN, RS,   RW,   UNUSED,  DATA  */ 
....................  const LCD_PIN_MAP LCD_OUTPUT_MAP =  {0,  0,    0,    0,       0}; 
....................  const LCD_PIN_MAP LCD_INPUT_MAP =   {0,  0,    0,    0,       0xF}; 
.................... #endif 
....................  
.................... ////////////////////// END CONFIGURATION /////////////////////////////////// 
....................  
.................... #ifndef LCD_ENABLE_PIN 
....................    #define lcd_output_enable(x) lcdlat.enable=x 
....................    #define lcd_enable_tris()   lcdtris.enable=0 
.................... #else 
....................    #define lcd_output_enable(x) output_bit(LCD_ENABLE_PIN, x) 
....................    #define lcd_enable_tris()  output_drive(LCD_ENABLE_PIN) 
.................... #endif 
....................  
.................... #ifndef LCD_RS_PIN 
....................    #define lcd_output_rs(x) lcdlat.rs=x 
....................    #define lcd_rs_tris()   lcdtris.rs=0 
.................... #else 
....................    #define lcd_output_rs(x) output_bit(LCD_RS_PIN, x) 
....................    #define lcd_rs_tris()  output_drive(LCD_RS_PIN) 
.................... #endif 
....................  
.................... #ifndef LCD_RW_PIN 
....................    #define lcd_output_rw(x) lcdlat.rw=x 
....................    #define lcd_rw_tris()   lcdtris.rw=0 
.................... #else 
....................    #define lcd_output_rw(x) output_bit(LCD_RW_PIN, x) 
....................    #define lcd_rw_tris()  output_drive(LCD_RW_PIN) 
.................... #endif 
....................  
.................... // original version of this library incorrectly labeled LCD_DATA0 as LCD_DATA4, 
.................... // LCD_DATA1 as LCD_DATA5, and so on.  this block of code makes the driver 
.................... // compatible with any code written for the original library 
.................... #if (defined(LCD_DATA0) && defined(LCD_DATA1) && defined(LCD_DATA2) && defined(LCD_DATA3) && !defined(LCD_DATA4) && !defined(LCD_DATA5) && !defined(LCD_DATA6) && !defined(LCD_DATA7)) 
....................    #define  LCD_DATA4    LCD_DATA0 
....................    #define  LCD_DATA5    LCD_DATA1 
....................    #define  LCD_DATA6    LCD_DATA2 
....................    #define  LCD_DATA7    LCD_DATA3 
.................... #endif 
....................  
.................... #ifndef LCD_DATA4 
.................... #ifndef LCD_DATA_PORT 
....................    #if defined(__PCB__) 
....................       #define LCD_DATA_PORT      0x06     //portb 
....................       #define set_tris_lcd(x)   set_tris_b(x) 
....................    #else 
....................      #if defined(PIN_D0) 
....................       #define LCD_DATA_PORT      getenv("SFR:PORTD")     //portd 
....................      #else 
....................       #define LCD_DATA_PORT      getenv("SFR:PORTB")     //portb 
....................      #endif 
....................    #endif    
.................... #endif 
....................  
.................... #if defined(__PCB__) 
....................    LCD_PIN_MAP lcd, lcdlat; 
....................    #byte lcd = LCD_DATA_PORT 
....................    #byte lcdlat = LCD_DATA_PORT 
.................... #elif defined(__PCM__) 
....................    LCD_PIN_MAP lcd, lcdlat, lcdtris; 
....................    #byte lcd = LCD_DATA_PORT 
....................    #byte lcdlat = LCD_DATA_PORT 
....................    #byte lcdtris = LCD_DATA_PORT+0x80 
.................... #elif defined(__PCH__) 
....................    LCD_PIN_MAP lcd, lcdlat, lcdtris; 
....................    #byte lcd = LCD_DATA_PORT 
....................    #byte lcdlat = LCD_DATA_PORT+9 
....................    #byte lcdtris = LCD_DATA_PORT+0x12 
.................... #elif defined(__PCD__) 
....................    LCD_PIN_MAP lcd, lcdlat, lcdtris; 
....................    #word lcd = LCD_DATA_PORT 
....................    #word lcdlat = LCD_DATA_PORT+2 
....................    #word lcdtris = LCD_DATA_PORT-0x02 
.................... #endif 
.................... #endif   //LCD_DATA4 not defined 
....................  
.................... #ifndef LCD_TYPE 
....................    #define LCD_TYPE 2           // 0=5x7, 1=5x10, 2=2 lines 
.................... #endif 
....................  
.................... #ifndef LCD_LINE_TWO 
....................    #define LCD_LINE_TWO 0x40    // LCD RAM address for the second line 
.................... #endif 
....................  
.................... #ifndef LCD_LINE_LENGTH 
....................    #define LCD_LINE_LENGTH 20 
.................... #endif 
....................  
.................... unsigned int8 const LCD_INIT_STRING[4] = {0x20 | (LCD_TYPE << 2), 0xc, 1, 6}; 
....................                              // These bytes need to be sent to the LCD 
....................                              // to start it up. 
....................  
.................... unsigned int8 lcd_read_nibble(void); 
....................  
.................... unsigned int8 lcd_read_byte(void) 
.................... { 
....................    unsigned int8 low,high; 
....................  
....................  #if defined(__PCB__) 
....................    set_tris_lcd(LCD_INPUT_MAP); 
....................  #else 
....................   #if (defined(LCD_DATA4) && defined(LCD_DATA5) && defined(LCD_DATA6) && defined(LCD_DATA7)) 
....................    output_float(LCD_DATA4); 
....................    output_float(LCD_DATA5); 
....................    output_float(LCD_DATA6); 
....................    output_float(LCD_DATA7); 
....................   #else 
....................    lcdtris.data = 0xF; 
*
004C:  MOVLW  0F
004D:  BSF    03.5
004E:  ANDWF  08,W
004F:  IORLW  F0
0050:  MOVWF  08
....................   #endif 
....................  #endif 
....................          
....................    lcd_output_rw(1); 
0051:  BCF    03.5
0052:  BSF    08.2
....................    delay_cycles(1); 
0053:  NOP
....................    lcd_output_enable(1); 
0054:  BSF    08.0
....................    delay_cycles(1); 
0055:  NOP
....................    high = lcd_read_nibble(); 
0056:  CALL   040
0057:  MOVF   78,W
0058:  MOVWF  2D
....................        
....................    lcd_output_enable(0); 
0059:  BCF    08.0
....................    delay_cycles(1); 
005A:  NOP
....................    lcd_output_enable(1); 
005B:  BSF    08.0
....................    delay_us(1); 
005C:  NOP
....................    low = lcd_read_nibble(); 
005D:  CALL   040
005E:  MOVF   78,W
005F:  MOVWF  2C
....................        
....................    lcd_output_enable(0); 
0060:  BCF    08.0
....................  
....................  #if defined(__PCB__) 
....................    set_tris_lcd(LCD_OUTPUT_MAP); 
....................  #else 
....................   #if (defined(LCD_DATA4) && defined(LCD_DATA5) && defined(LCD_DATA6) && defined(LCD_DATA7)) 
....................    output_drive(LCD_DATA4); 
....................    output_drive(LCD_DATA5); 
....................    output_drive(LCD_DATA6); 
....................    output_drive(LCD_DATA7); 
....................   #else 
....................    lcdtris.data = 0x0; 
0061:  MOVLW  0F
0062:  BSF    03.5
0063:  ANDWF  08,W
0064:  MOVWF  08
....................   #endif 
....................  #endif 
....................  
....................    return( (high<<4) | low); 
0065:  BCF    03.5
0066:  SWAPF  2D,W
0067:  MOVWF  77
0068:  MOVLW  F0
0069:  ANDWF  77,F
006A:  MOVF   77,W
006B:  IORWF  2C,W
006C:  MOVWF  78
.................... } 
....................  
.................... unsigned int8 lcd_read_nibble(void) 
.................... { 
....................   #if (defined(LCD_DATA4) && defined(LCD_DATA5) && defined(LCD_DATA6) && defined(LCD_DATA7)) 
....................    unsigned int8 n = 0x00; 
....................  
....................    /* Read the data port */ 
....................    n |= input(LCD_DATA4); 
....................    n |= input(LCD_DATA5) << 1; 
....................    n |= input(LCD_DATA6) << 2; 
....................    n |= input(LCD_DATA7) << 3; 
....................     
....................    return(n); 
....................   #else 
....................    return(lcd.data); 
*
0040:  MOVF   08,W
0041:  MOVWF  77
0042:  SWAPF  08,W
0043:  ANDLW  0F
0044:  MOVWF  78
....................   #endif 
0045:  RETURN
.................... } 
....................  
.................... void lcd_send_nibble(unsigned int8 n) 
.................... { 
....................   #if (defined(LCD_DATA4) && defined(LCD_DATA5) && defined(LCD_DATA6) && defined(LCD_DATA7)) 
....................    /* Write to the data port */ 
....................    output_bit(LCD_DATA4, bit_test(n, 0)); 
....................    output_bit(LCD_DATA5, bit_test(n, 1)); 
....................    output_bit(LCD_DATA6, bit_test(n, 2)); 
....................    output_bit(LCD_DATA7, bit_test(n, 3)); 
....................   #else       
....................    lcdlat.data = n; 
*
0034:  SWAPF  2D,W
0035:  ANDLW  F0
0036:  MOVWF  77
0037:  MOVLW  0F
0038:  ANDWF  08,W
0039:  IORWF  77,W
003A:  MOVWF  08
....................   #endif 
....................        
....................    delay_cycles(1); 
003B:  NOP
....................    lcd_output_enable(1); 
003C:  BSF    08.0
....................    delay_us(2); 
003D:  GOTO   03E
....................    lcd_output_enable(0); 
003E:  BCF    08.0
003F:  RETURN
.................... } 
....................  
.................... void lcd_send_byte(unsigned int8 address, unsigned int8 n) 
.................... { 
....................   #if defined(__PCB__) 
....................    set_tris_lcd(LCD_OUTPUT_MAP); 
....................   #else 
....................    lcd_enable_tris(); 
*
0046:  BSF    03.5
0047:  BCF    08.0
....................    lcd_rs_tris(); 
0048:  BCF    08.1
....................    lcd_rw_tris(); 
0049:  BCF    08.2
....................   #endif 
....................  
....................    lcd_output_rs(0); 
004A:  BCF    03.5
004B:  BCF    08.1
....................    while ( bit_test(lcd_read_byte(),7) ) ; 
*
006D:  MOVF   78,W
006E:  MOVWF  2C
006F:  BTFSC  2C.7
0070:  GOTO   04C
....................    lcd_output_rs(address); 
0071:  BTFSS  2A.0
0072:  BCF    08.1
0073:  BTFSC  2A.0
0074:  BSF    08.1
....................    delay_cycles(1); 
0075:  NOP
....................    lcd_output_rw(0); 
0076:  BCF    08.2
....................    delay_cycles(1); 
0077:  NOP
....................    lcd_output_enable(0); 
0078:  BCF    08.0
....................    lcd_send_nibble(n >> 4); 
0079:  SWAPF  2B,W
007A:  MOVWF  2C
007B:  MOVLW  0F
007C:  ANDWF  2C,F
007D:  MOVF   2C,W
007E:  MOVWF  2D
007F:  CALL   034
....................    lcd_send_nibble(n & 0xf); 
0080:  MOVF   2B,W
0081:  ANDLW  0F
0082:  MOVWF  2C
0083:  MOVWF  2D
0084:  CALL   034
0085:  RETURN
.................... } 
....................  
.................... #if defined(LCD_EXTENDED_NEWLINE) 
.................... unsigned int8 g_LcdX, g_LcdY; 
.................... #endif 
....................  
.................... void lcd_init(void)  
.................... { 
....................    unsigned int8 i; 
....................  
....................  #if defined(__PCB__) 
....................    set_tris_lcd(LCD_OUTPUT_MAP); 
....................  #else 
....................   #if (defined(LCD_DATA4) && defined(LCD_DATA5) && defined(LCD_DATA6) && defined(LCD_DATA7)) 
....................    output_drive(LCD_DATA4); 
....................    output_drive(LCD_DATA5); 
....................    output_drive(LCD_DATA6); 
....................    output_drive(LCD_DATA7); 
....................   #else 
....................    lcdtris.data = 0x0; 
0086:  MOVLW  0F
0087:  BSF    03.5
0088:  ANDWF  08,W
0089:  MOVWF  08
....................   #endif 
....................    lcd_enable_tris(); 
008A:  BCF    08.0
....................    lcd_rs_tris(); 
008B:  BCF    08.1
....................    lcd_rw_tris(); 
008C:  BCF    08.2
....................  #endif 
....................  
....................    lcd_output_rs(0); 
008D:  BCF    03.5
008E:  BCF    08.1
....................    lcd_output_rw(0); 
008F:  BCF    08.2
....................    lcd_output_enable(0); 
0090:  BCF    08.0
....................      
....................    delay_ms(15); 
0091:  MOVLW  0F
0092:  MOVWF  26
0093:  CALL   01F
....................    for(i=1;i<=3;++i) 
0094:  MOVLW  01
0095:  MOVWF  21
0096:  MOVF   21,W
0097:  SUBLW  03
0098:  BTFSS  03.0
0099:  GOTO   0A2
....................    { 
....................        lcd_send_nibble(3); 
009A:  MOVLW  03
009B:  MOVWF  2D
009C:  CALL   034
....................        delay_ms(5); 
009D:  MOVLW  05
009E:  MOVWF  26
009F:  CALL   01F
00A0:  INCF   21,F
00A1:  GOTO   096
....................    } 
....................     
....................    lcd_send_nibble(2); 
00A2:  MOVLW  02
00A3:  MOVWF  2D
00A4:  CALL   034
....................    delay_ms(5); 
00A5:  MOVLW  05
00A6:  MOVWF  26
00A7:  CALL   01F
....................    for(i=0;i<=3;++i) 
00A8:  CLRF   21
00A9:  MOVF   21,W
00AA:  SUBLW  03
00AB:  BTFSS  03.0
00AC:  GOTO   0B6
....................       lcd_send_byte(0,LCD_INIT_STRING[i]); 
00AD:  MOVF   21,W
00AE:  CALL   004
00AF:  MOVWF  22
00B0:  CLRF   2A
00B1:  MOVF   22,W
00B2:  MOVWF  2B
00B3:  CALL   046
....................  
....................   #if defined(LCD_EXTENDED_NEWLINE) 
00B4:  INCF   21,F
00B5:  GOTO   0A9
00B6:  BCF    0A.3
00B7:  BCF    0A.4
00B8:  GOTO   150 (RETURN)
....................    g_LcdX = 0; 
....................    g_LcdY = 0; 
....................   #endif 
.................... } 
....................  
.................... void lcd_gotoxy(unsigned int8 x, unsigned int8 y) 
.................... { 
....................    unsigned int8 address; 
....................     
....................    if(y!=1) 
00B9:  DECFSZ 27,W
00BA:  GOTO   0BC
00BB:  GOTO   0BF
....................       address=LCD_LINE_TWO; 
00BC:  MOVLW  40
00BD:  MOVWF  28
00BE:  GOTO   0C0
....................    else 
....................       address=0; 
00BF:  CLRF   28
....................       
....................    address+=x-1; 
00C0:  MOVLW  01
00C1:  SUBWF  26,W
00C2:  ADDWF  28,F
....................    lcd_send_byte(0,0x80|address); 
00C3:  MOVF   28,W
00C4:  IORLW  80
00C5:  MOVWF  29
00C6:  CLRF   2A
00C7:  MOVF   29,W
00C8:  MOVWF  2B
00C9:  CALL   046
....................  
....................   #if defined(LCD_EXTENDED_NEWLINE) 
00CA:  RETURN
....................    g_LcdX = x - 1; 
....................    g_LcdY = y - 1; 
....................   #endif 
.................... } 
....................  
.................... void lcd_putc(char c) 
.................... { 
....................    switch (c) 
00CB:  MOVF   25,W
00CC:  XORLW  07
00CD:  BTFSC  03.2
00CE:  GOTO   0D9
00CF:  XORLW  0B
00D0:  BTFSC  03.2
00D1:  GOTO   0DE
00D2:  XORLW  06
00D3:  BTFSC  03.2
00D4:  GOTO   0E6
00D5:  XORLW  02
00D6:  BTFSC  03.2
00D7:  GOTO   0EC
00D8:  GOTO   0F1
....................    { 
....................       case '\a'   :  lcd_gotoxy(1,1);     break; 
00D9:  MOVLW  01
00DA:  MOVWF  26
00DB:  MOVWF  27
00DC:  CALL   0B9
00DD:  GOTO   0F6
....................  
....................       case '\f'   :  lcd_send_byte(0,1); 
00DE:  CLRF   2A
00DF:  MOVLW  01
00E0:  MOVWF  2B
00E1:  CALL   046
....................                      delay_ms(2); 
00E2:  MOVLW  02
00E3:  MOVWF  26
00E4:  CALL   01F
....................                     #if defined(LCD_EXTENDED_NEWLINE) 
....................                      g_LcdX = 0; 
....................                      g_LcdY = 0; 
....................                     #endif 
....................                      break; 
00E5:  GOTO   0F6
....................  
....................      #if defined(LCD_EXTENDED_NEWLINE) 
....................       case '\r'   :  lcd_gotoxy(1, g_LcdY+1);   break; 
....................       case '\n'   : 
....................          while (g_LcdX++ < LCD_LINE_LENGTH) 
....................          { 
....................             lcd_send_byte(1, ' '); 
....................          } 
....................          lcd_gotoxy(1, g_LcdY+2); 
....................          break; 
....................      #else 
....................       case '\n'   : lcd_gotoxy(1,2);        break; 
00E6:  MOVLW  01
00E7:  MOVWF  26
00E8:  MOVLW  02
00E9:  MOVWF  27
00EA:  CALL   0B9
00EB:  GOTO   0F6
....................      #endif 
....................       
....................       case '\b'   : lcd_send_byte(0,0x10);  break; 
00EC:  CLRF   2A
00ED:  MOVLW  10
00EE:  MOVWF  2B
00EF:  CALL   046
00F0:  GOTO   0F6
....................       
....................      #if defined(LCD_EXTENDED_NEWLINE) 
....................       default     :  
....................          if (g_LcdX < LCD_LINE_LENGTH) 
....................          { 
....................             lcd_send_byte(1, c); 
....................             g_LcdX++; 
....................          } 
....................          break; 
....................      #else 
....................       default     : lcd_send_byte(1,c);     break; 
00F1:  MOVLW  01
00F2:  MOVWF  2A
00F3:  MOVF   25,W
00F4:  MOVWF  2B
00F5:  CALL   046
....................      #endif 
....................    } 
00F6:  RETURN
.................... } 
....................   
.................... char lcd_getc(unsigned int8 x, unsigned int8 y) 
.................... { 
....................    char value; 
....................  
....................    lcd_gotoxy(x,y); 
....................    while ( bit_test(lcd_read_byte(),7) ); // wait until busy flag is low 
....................    lcd_output_rs(1); 
....................    value = lcd_read_byte(); 
....................    lcd_output_rs(0); 
....................     
....................    return(value); 
.................... } 
....................  
.................... // write a custom character to the ram 
.................... // which is 0-7 and specifies which character array we are modifying. 
.................... // ptr points to an array of 8 bytes, where each byte is the next row of 
.................... //    pixels.  only bits 0-4 are used.  the last row is the cursor row, and 
.................... //    usually you will want to leave this byte 0x00. 
.................... void lcd_set_cgram_char(unsigned int8 which, unsigned int8 *ptr) 
.................... { 
....................    unsigned int i; 
....................  
....................    which <<= 3; 
....................    which &= 0x38; 
....................  
....................    lcd_send_byte(0, 0x40 | which);  //set cgram address 
....................  
....................    for(i=0; i<8; i++) 
....................    { 
....................       lcd_send_byte(1, *ptr++); 
....................    } 
....................    
....................    #if defined(LCD_EXTENDED_NEWLINE) 
....................     lcd_gotoxy(g_LcdX+1, g_LcdY+1);  //set ddram address 
....................    #endif 
.................... } 
....................  
.................... void lcd_cursor_on(int1 on) 
.................... { 
....................    if (on) 
....................    { 
....................       lcd_send_byte(0,0x0F);           //turn LCD cursor ON 
....................    } 
....................    else 
....................    { 
....................       lcd_send_byte(0,0x0C);           //turn LCD cursor OFF 
....................    } 
.................... } 
....................  
.................... #endif 
....................  
....................  
.................... //char z; 
.................... int i = 5; 
....................  
....................  
.................... void main() 
*
0142:  MOVLW  05
0143:  MOVWF  20
0144:  BSF    03.5
0145:  BSF    1F.0
0146:  BSF    1F.1
0147:  BSF    1F.2
0148:  BCF    1F.3
0149:  MOVLW  07
014A:  MOVWF  1C
014B:  BCF    03.7
014C:  MOVLW  1F
014D:  ANDWF  03,F
.................... { 
....................    lcd_init(); 
014E:  BCF    03.5
014F:  GOTO   086
....................    printf(lcd_putc,"\f"); 
0150:  MOVLW  0C
0151:  MOVWF  25
0152:  CALL   0CB
....................    printf(lcd_putc,"DENEME"); 
0153:  MOVLW  0C
0154:  BSF    03.6
0155:  MOVWF  0D
0156:  MOVLW  00
0157:  MOVWF  0F
0158:  BCF    03.6
0159:  CALL   0F7
....................    printf(lcd_putc,"\nTEST"); 
015A:  MOVLW  10
015B:  BSF    03.6
015C:  MOVWF  0D
015D:  MOVLW  00
015E:  MOVWF  0F
015F:  BCF    03.6
0160:  CALL   0F7
....................    delay_ms(1000); 
0161:  MOVLW  04
0162:  MOVWF  21
0163:  MOVLW  FA
0164:  MOVWF  26
0165:  CALL   01F
0166:  DECFSZ 21,F
0167:  GOTO   163
....................    printf(lcd_putc,"\f"); 
0168:  MOVLW  0C
0169:  MOVWF  25
016A:  CALL   0CB
....................    delay_ms(1000); 
016B:  MOVLW  04
016C:  MOVWF  21
016D:  MOVLW  FA
016E:  MOVWF  26
016F:  CALL   01F
0170:  DECFSZ 21,F
0171:  GOTO   16D
....................    
....................     
....................    while(TRUE) 
....................     
....................    {  //i<42 denendi harf kaybetmeden geldi , 64 vs denenebilir 
....................       for(i=1;i<24;i++){ 
0172:  MOVLW  01
0173:  MOVWF  20
0174:  MOVF   20,W
0175:  SUBLW  17
0176:  BTFSS  03.0
0177:  GOTO   18C
....................       lcd_gotoxy(i,1); 
0178:  MOVF   20,W
0179:  MOVWF  26
017A:  MOVLW  01
017B:  MOVWF  27
017C:  CALL   0B9
....................       printf(lcd_putc,"Hosgeldiniz"); 
017D:  MOVLW  13
017E:  BSF    03.6
017F:  MOVWF  0D
0180:  MOVLW  00
0181:  MOVWF  0F
0182:  BCF    03.6
0183:  CALL   0F7
....................       delay_ms(200); 
0184:  MOVLW  C8
0185:  MOVWF  26
0186:  CALL   01F
....................       //bu satiri unutursan ileri giderken surekli 'H' yazdirir 
....................       printf(lcd_putc,"\f"); 
0187:  MOVLW  0C
0188:  MOVWF  25
0189:  CALL   0CB
018A:  INCF   20,F
018B:  GOTO   174
....................       } 
....................       //i=42 denendi harf kaybetmeden geldi , 64 vs denenebilir 
....................       for(i=24;i>0;i--) 
018C:  MOVLW  18
018D:  MOVWF  20
018E:  MOVF   20,F
018F:  BTFSC  03.2
0190:  GOTO   1A5
....................       { 
....................       lcd_gotoxy(i,1); 
0191:  MOVF   20,W
0192:  MOVWF  26
0193:  MOVLW  01
0194:  MOVWF  27
0195:  CALL   0B9
....................       printf(lcd_putc,"Hosgeldiniz"); 
0196:  MOVLW  19
0197:  BSF    03.6
0198:  MOVWF  0D
0199:  MOVLW  00
019A:  MOVWF  0F
019B:  BCF    03.6
019C:  CALL   0F7
....................       delay_ms(200); 
019D:  MOVLW  C8
019E:  MOVWF  26
019F:  CALL   01F
....................       //bu satiri unutursan geriye donerken surekli 'z' yazdirir 
....................       printf(lcd_putc,"\f"); 
01A0:  MOVLW  0C
01A1:  MOVWF  25
01A2:  CALL   0CB
01A3:  DECF   20,F
01A4:  GOTO   18E
....................       } 
01A5:  GOTO   172
....................    } 
....................  
.................... } 
01A6:  SLEEP

Configuration Fuses:
   Word  1: 3F39   XT NOWDT NOPUT NOBROWNOUT NOLVP NOCPD NOWRT NODEBUG NOPROTECT
